// Jest Snapshot v1, https://goo.gl/fbAQLP

exports[`inspect should return depgraph 1`] = `
{
  "dependencyGraph": {
    "graph": {
      "nodes": [
        {
          "deps": [],
          "nodeId": "root-node",
          "pkgId": "packageName@1.0",
        },
      ],
      "rootNodeId": "root-node",
    },
    "pkgManager": {
      "name": "swift",
    },
    "pkgs": [
      {
        "id": "packageName@1.0",
        "info": {
          "name": "packageName",
          "version": "1.0",
        },
      },
    ],
    "schemaVersion": "1.3.0",
  },
  "plugin": {
    "name": "snyk-swiftpm-plugin",
    "runtime": "unknown",
    "targetFile": "./Package.swift",
  },
}
`;
